Info: New devbox available: 0.17.5 -> v0.18.0. Please run `devbox version update`.
Info: Running script "bash" on /home/scott/code/steelCompendium/workspace

[notice] A new release of pip is available: 24.3.1 -> 26.2.1
[notice] To update, run: pip install --upgrade pip
✔ hasStatblockDiceRoll detects inline dice notation in titles (1.732539ms)
✔ isTierLine matches bare damage-led tier outcomes only (0.451317ms)
✔ tierKeyAt maps position to low/mid/high (0.283561ms)
✔ Compact Mode rules exist (so the guard is actually exercising something) (3.26029ms)
✔ every Compact Mode selector is scoped to page content (.md-content) (2.973304ms)
✔ shouldRemember is true on mobile when the drawer is open (1.739526ms)
✔ shouldRemember is false on mobile when the drawer is closed (0.383881ms)
✔ shouldRemember is false on desktop even when the drawer is open (0.231835ms)
✔ shouldRemember is false on desktop when the drawer is closed (0.209239ms)
✔ shouldRestore is true when flag is set and viewport is mobile (0.261986ms)
✔ shouldRestore is false when flag is set but viewport is desktop (0.197831ms)
✔ shouldRestore is false when flag is unset on mobile (2.176539ms)
✔ shouldRestore ignores junk flag values (0.236153ms)
✔ storageKey only for Read chapter pages (1.375655ms)
✔ shouldOffer requires meaningful depth (0.264889ms)
✔ clampY never exceeds scrollable range (0.25956ms)
✔ roll uses injected rng and yields 1..10 each (2.547634ms)
✔ parseModifier: numeric vs characteristic (0.694078ms)
✔ tierOf boundaries (0.324322ms)
✔ resolve: single edge is +2, double edge shifts tier (0.387176ms)
✔ resolve: banes mirror edges; edge+bane cancel (0.297854ms)
✔ resolve: natural 19-20 is a crit at tier 3 (overrides shifts) (0.327007ms)
✔ tier shift clamps to 1..3 (0.307423ms)
✔ parseEV handles plain, minion-group, and missing (3.803473ms)
✔ parseEV accepts the digit spelling of the minion group (0.395621ms)
✔ parseEV tolerates the head-chip 'EV ' prefix (0.292767ms)
✔ a bought group of four minions costs the statblock EV once (1.678171ms)
✔ eight level-1 minions equal one 1st-level hero slot (0.49936ms)
✔ encounter strength math matches the book table (0.29463ms)
✔ bands + classify follow Step 4 (0.412355ms)
✔ minions price by groups of four (0.277109ms)
✔ addPick starts minions at 4; setCount snaps and removes at 0 (0.370236ms)
✔ addPick increments existing picks (minions by 4, others by 1) (0.541844ms)
✔ levelWarn flags over-level and solo-over-level (0.513575ms)
✔ share codec round-trips and drops unknowns (0.548575ms)
✔ valuesOf normalizes scalars, arrays, and empties (2.537875ms)
✔ empty or missing selection matches everything, both modes (0.395646ms)
✔ any-mode ORs picks over array values (0.214588ms)
✔ any-mode works on single-valued (string) fields (0.185514ms)
✔ all-mode requires every picked value (0.241828ms)
✔ all-mode on a single-valued field: one pick can match, two never can (0.29123ms)
✔ empty value never matches a non-empty selection (0.339192ms)
✔ unknown mode falls back to any (0.216901ms)
✔ numeric levels match string picks (chips store strings) (0.268344ms)
✔ isMultiValued detects a >=2-value array on any item (0.469998ms)
✔ parse tolerates garbage (2.700261ms)
✔ toggle adds then removes by path (1.176887ms)
✔ remove deletes by path and never adds (0.366916ms)
✔ kindOf maps path families (0.22143ms)
✔ grouped orders kinds and newest-first inside (0.638895ms)
✔ serialize caps at 200 newest (4.880812ms)
✔ mods lookup (goblin warrior: horde harrier) (2.056346ms)
✔ book cross-checks at level 1 (formula reproduces the printed block) (0.360356ms)
✔ solo stamina uses ×5, ev ×6 (0.250327ms)
✔ damageDelta: tier mods, horde halving, strike char bump (0.411399ms)
✔ potencyDelta follows echelon; applyTierText rewrites (1.705844ms)
✔ applyPotencyText handles innerHTML's &lt; entity (the DOM path) (0.470164ms)
✔ applyTierText rewrites entity-encoded potencies too (0.280378ms)
✔ scaleChar shifts every characteristic, clamped to ±5 (0.231311ms)
✔ shiftBonus rewrites the power-roll chip (0.598077ms)
✔ charBonus caps at +5; leader/solo +1 (0.398563ms)
✔ unknown role yields null mods (0.23598ms)
✔ cardKind maps every SC-297 chrome-panel family (1.538132ms)
✔ cardKind rejects embedded statblock/featureblock sub-features (0.235112ms)
✔ cardKind does whole-token matching, not substring (0.21069ms)
✔ cleanPermalink trims and treats null/empty as unusable (0.214543ms)
✔ clampScale clamps to [0.6, 1.4] and snaps to 0.05 (1.687761ms)
✔ clampCardScale clamps to [0.8, 1.2] and snaps to 0.05 (0.334741ms)
✔ normalizeWidth handles units, keywords, bare numbers (0.599588ms)
✔ clampEm clamps to [44, 300] and snaps to step (0.474333ms)
✔ widthToControls maps stored width to slider state (2.353817ms)
✔ controlsToWidth serializes slider state (0.317479ms)
✔ width round-trips through controls (0.301167ms)
✔ loadPrefs tolerates bad JSON and missing key (0.396609ms)
✔ subKey joins class and subclass with SUB_SEP (0.997366ms)
✔ buildSourceModel groups classes-with-subclasses, sorted, subs sorted (10.939848ms)
✔ buildSourceModel puts subclass-less classes + ancestry/kit/other in plain, rank-ordered (0.223557ms)
✔ matchesSource: empty selection matches everything (0.593895ms)
✔ matchesSource: class selection matches that class (incl. subclass-less rows) (0.156771ms)
✔ matchesSource: subclass selection is class-scoped (Censor Creation != Conduit Creation) (0.79618ms)
✔ matchesSource: class OR subclass picks union (single OR-group) (0.192038ms)
✔ matchesSource + buildSourceModel handle array-valued subclass (0.285115ms)
ℹ tests 82
ℹ suites 0
ℹ pass 82
ℹ fail 0
ℹ cancelled 0
ℹ skipped 0
ℹ todo 0
ℹ duration_ms 176.814823
