Info: New devbox available: 0.17.5 -> v0.18.0. Please run `devbox version update`.
Info: Running script "bash" on /home/scott/code/steelCompendium/workspace

[notice] A new release of pip is available: 24.3.1 -> 26.2.1
[notice] To update, run: pip install --upgrade pip
✔ hasStatblockDiceRoll detects inline dice notation in titles (1.931225ms)
✔ isTierLine matches bare damage-led tier outcomes only (0.452976ms)
✔ tierKeyAt maps position to low/mid/high (0.286977ms)
✔ Compact Mode rules exist (so the guard is actually exercising something) (3.884198ms)
✔ every Compact Mode selector is scoped to page content (.md-content) (2.797313ms)
✔ shouldRemember is true on mobile when the drawer is open (6.685526ms)
✔ shouldRemember is false on mobile when the drawer is closed (0.276811ms)
✔ shouldRemember is false on desktop even when the drawer is open (0.234157ms)
✔ shouldRemember is false on desktop when the drawer is closed (0.215446ms)
✔ shouldRestore is true when flag is set and viewport is mobile (0.391671ms)
✔ shouldRestore is false when flag is set but viewport is desktop (0.232969ms)
✔ shouldRestore is false when flag is unset on mobile (1.734161ms)
✔ shouldRestore ignores junk flag values (0.235581ms)
✔ storageKey only for Read chapter pages (1.814111ms)
✔ shouldOffer requires meaningful depth (0.366826ms)
✔ clampY never exceeds scrollable range (0.254616ms)
✔ roll uses injected rng and yields 1..10 each (2.522206ms)
✔ parseModifier: numeric vs characteristic (0.676886ms)
✔ tierOf boundaries (0.335147ms)
✔ resolve: single edge is +2, double edge shifts tier (0.436262ms)
✔ resolve: banes mirror edges; edge+bane cancel (0.470899ms)
✔ resolve: natural 19-20 is a crit at tier 3 (overrides shifts) (0.343936ms)
✔ tier shift clamps to 1..3 (0.316401ms)
✔ parseEV handles plain, minion-group, and missing (2.816393ms)
✔ parseEV accepts the digit spelling of the minion group (0.308616ms)
✔ parseEV tolerates the head-chip 'EV ' prefix (0.258742ms)
✔ a bought group of four minions costs the statblock EV once (1.97168ms)
✔ eight level-1 minions equal one 1st-level hero slot (0.335764ms)
✔ encounter strength math matches the book table (0.219059ms)
✔ bands + classify follow Step 4 (0.343537ms)
✔ minions price by groups of four (0.177357ms)
✔ addPick starts minions at 4; setCount snaps and removes at 0 (0.334838ms)
✔ addPick increments existing picks (minions by 4, others by 1) (0.524617ms)
✔ levelWarn flags over-level and solo-over-level (0.382529ms)
✔ share codec round-trips and drops unknowns (0.371023ms)
✔ valuesOf normalizes scalars, arrays, and empties (3.18653ms)
✔ empty or missing selection matches everything, both modes (0.405507ms)
✔ any-mode ORs picks over array values (0.255308ms)
✔ any-mode works on single-valued (string) fields (0.374793ms)
✔ all-mode requires every picked value (0.292651ms)
✔ all-mode on a single-valued field: one pick can match, two never can (0.336553ms)
✔ empty value never matches a non-empty selection (0.469731ms)
✔ unknown mode falls back to any (0.304424ms)
✔ numeric levels match string picks (chips store strings) (0.266313ms)
✔ isMultiValued detects a >=2-value array on any item (0.429548ms)
✔ parse tolerates garbage (1.926374ms)
✔ toggle adds then removes by path (1.181818ms)
✔ remove deletes by path and never adds (0.392818ms)
✔ kindOf maps path families (0.336837ms)
✔ grouped orders kinds and newest-first inside (1.050527ms)
✔ serialize caps at 200 newest (5.898826ms)
✔ mods lookup (goblin warrior: horde harrier) (2.045425ms)
✔ book cross-checks at level 1 (formula reproduces the printed block) (0.387629ms)
✔ solo stamina uses ×5, ev ×6 (0.301593ms)
✔ damageDelta: tier mods, horde halving, strike char bump (0.467062ms)
✔ potencyDelta follows echelon; applyTierText rewrites (2.602335ms)
✔ applyPotencyText handles innerHTML's &lt; entity (the DOM path) (0.334087ms)
✔ applyTierText rewrites entity-encoded potencies too (0.296453ms)
✔ scaleChar shifts every characteristic, clamped to ±5 (0.303818ms)
✔ shiftBonus rewrites the power-roll chip (0.686128ms)
✔ charBonus caps at +5; leader/solo +1 (0.403494ms)
✔ unknown role yields null mods (0.238113ms)
✔ cardKind maps every SC-297 chrome-panel family (1.836274ms)
✔ cardKind rejects embedded statblock/featureblock sub-features (0.199377ms)
✔ cardKind does whole-token matching, not substring (0.204507ms)
✔ cleanPermalink trims and treats null/empty as unusable (0.23004ms)
✔ clampScale clamps to [0.6, 1.4] and snaps to 0.05 (1.325027ms)
✔ clampCardScale clamps to [0.8, 1.2] and snaps to 0.05 (0.2504ms)
✔ normalizeWidth handles units, keywords, bare numbers (0.374888ms)
✔ clampEm clamps to [44, 300] and snaps to step (0.254764ms)
✔ widthToControls maps stored width to slider state (1.425222ms)
✔ controlsToWidth serializes slider state (0.262331ms)
✔ width round-trips through controls (0.615505ms)
✔ loadPrefs tolerates bad JSON and missing key (0.442667ms)
✔ subKey joins class and subclass with SUB_SEP (1.015534ms)
✔ buildSourceModel groups classes-with-subclasses, sorted, subs sorted (11.530764ms)
✔ buildSourceModel puts subclass-less classes + ancestry/kit/other in plain, rank-ordered (0.243135ms)
✔ matchesSource: empty selection matches everything (0.271356ms)
✔ matchesSource: class selection matches that class (incl. subclass-less rows) (0.166605ms)
✔ matchesSource: subclass selection is class-scoped (Censor Creation != Conduit Creation) (0.906101ms)
✔ matchesSource: class OR subclass picks union (single OR-group) (0.554356ms)
✔ matchesSource + buildSourceModel handle array-valued subclass (0.267259ms)
ℹ tests 82
ℹ suites 0
ℹ pass 82
ℹ fail 0
ℹ cancelled 0
ℹ skipped 0
ℹ todo 0
ℹ duration_ms 204.580176
