Info: New devbox available: 0.17.5 -> v0.18.0. Please run `devbox version update`.
Info: Running script "bash" on /home/scott/code/steelCompendium/workspace

[notice] A new release of pip is available: 24.3.1 -> 26.2.1
[notice] To update, run: pip install --upgrade pip
✔ hasStatblockDiceRoll detects inline dice notation in titles (1.671531ms)
✔ isTierLine matches bare damage-led tier outcomes only (0.416122ms)
✔ tierKeyAt maps position to low/mid/high (0.710292ms)
✔ Compact Mode rules exist (so the guard is actually exercising something) (3.263109ms)
✔ every Compact Mode selector is scoped to page content (.md-content) (3.820159ms)
✔ shouldRemember is true on mobile when the drawer is open (2.878455ms)
✔ shouldRemember is false on mobile when the drawer is closed (0.490794ms)
✔ shouldRemember is false on desktop even when the drawer is open (0.251881ms)
✔ shouldRemember is false on desktop when the drawer is closed (0.278681ms)
✔ shouldRestore is true when flag is set and viewport is mobile (0.270347ms)
✔ shouldRestore is false when flag is set but viewport is desktop (0.239641ms)
✔ shouldRestore is false when flag is unset on mobile (2.058386ms)
✔ shouldRestore ignores junk flag values (0.225926ms)
✔ storageKey only for Read chapter pages (1.792472ms)
✔ shouldOffer requires meaningful depth (0.375208ms)
✔ clampY never exceeds scrollable range (0.287957ms)
✔ roll uses injected rng and yields 1..10 each (3.091886ms)
✔ parseModifier: numeric vs characteristic (0.682871ms)
✔ tierOf boundaries (0.310946ms)
✔ resolve: single edge is +2, double edge shifts tier (0.403114ms)
✔ resolve: banes mirror edges; edge+bane cancel (0.437353ms)
✔ resolve: natural 19-20 is a crit at tier 3 (overrides shifts) (0.35475ms)
✔ tier shift clamps to 1..3 (0.430541ms)
✔ parseEV handles plain, minion-group, and missing (3.893247ms)
✔ parseEV accepts the digit spelling of the minion group (0.572617ms)
✔ parseEV tolerates the head-chip 'EV ' prefix (0.297263ms)
✔ a bought group of four minions costs the statblock EV once (2.586667ms)
✔ eight level-1 minions equal one 1st-level hero slot (0.470328ms)
✔ encounter strength math matches the book table (0.523002ms)
✔ bands + classify follow Step 4 (0.366504ms)
✔ minions price by groups of four (0.332714ms)
✔ addPick starts minions at 4; setCount snaps and removes at 0 (0.36767ms)
✔ addPick increments existing picks (minions by 4, others by 1) (1.829552ms)
✔ levelWarn flags over-level and solo-over-level (0.636392ms)
✔ share codec round-trips and drops unknowns (0.592664ms)
✔ valuesOf normalizes scalars, arrays, and empties (3.014196ms)
✔ empty or missing selection matches everything, both modes (0.388441ms)
✔ any-mode ORs picks over array values (0.251274ms)
✔ any-mode works on single-valued (string) fields (0.237246ms)
✔ all-mode requires every picked value (0.277705ms)
✔ all-mode on a single-valued field: one pick can match, two never can (0.295221ms)
✔ empty value never matches a non-empty selection (0.263882ms)
✔ unknown mode falls back to any (0.229976ms)
✔ numeric levels match string picks (chips store strings) (0.332719ms)
✔ isMultiValued detects a >=2-value array on any item (0.778285ms)
✔ parse tolerates garbage (3.027723ms)
✔ toggle adds then removes by path (0.732792ms)
✔ remove deletes by path and never adds (0.268973ms)
✔ kindOf maps path families (0.265595ms)
✔ grouped orders kinds and newest-first inside (1.862715ms)
✔ serialize caps at 200 newest (2.292385ms)
✔ custom links preserve anchors, normalize local URLs, and survive storage (0.628279ms)
✔ adding an existing link renames it without toggling it away (0.35104ms)
✔ rejects blank names and unsafe or ambiguous links, including from storage (0.644624ms)
✔ custom additions at capacity do not silently evict existing pins (1.884624ms)
✔ mods lookup (goblin warrior: horde harrier) (2.079677ms)
✔ book cross-checks at level 1 (formula reproduces the printed block) (0.703333ms)
✔ solo stamina uses ×5, ev ×6 (0.257993ms)
✔ damageDelta: tier mods, horde halving, strike char bump (0.581303ms)
✔ potencyDelta follows echelon; applyTierText rewrites (2.377994ms)
✔ applyPotencyText handles innerHTML's &lt; entity (the DOM path) (0.566038ms)
✔ applyTierText rewrites entity-encoded potencies too (0.420951ms)
✔ scaleChar shifts every characteristic, clamped to ±5 (0.250938ms)
✔ shiftBonus rewrites the power-roll chip (0.969113ms)
✔ charBonus caps at +5; leader/solo +1 (0.76633ms)
✔ unknown role yields null mods (0.392829ms)
✔ cardKind maps every SC-297 chrome-panel family (2.449969ms)
✔ cardKind rejects embedded statblock/featureblock sub-features (0.259902ms)
✔ cardKind does whole-token matching, not substring (0.243656ms)
✔ cleanPermalink trims and treats null/empty as unusable (0.263561ms)
✔ clampScale clamps to [0.6, 1.4] and snaps to 0.05 (1.972993ms)
✔ clampCardScale clamps to [0.8, 1.2] and snaps to 0.05 (0.496934ms)
✔ normalizeWidth handles units, keywords, bare numbers (0.624191ms)
✔ clampEm clamps to [44, 300] and snaps to step (0.352012ms)
✔ widthToControls maps stored width to slider state (2.00919ms)
✔ controlsToWidth serializes slider state (0.376781ms)
✔ width round-trips through controls (0.362048ms)
✔ loadPrefs tolerates bad JSON and missing key (0.451087ms)
✔ subKey joins class and subclass with SUB_SEP (1.269483ms)
✔ buildSourceModel groups classes-with-subclasses, sorted, subs sorted (11.081082ms)
✔ buildSourceModel puts subclass-less classes + ancestry/kit/other in plain, rank-ordered (0.228745ms)
✔ matchesSource: empty selection matches everything (0.221766ms)
✔ matchesSource: class selection matches that class (incl. subclass-less rows) (0.199121ms)
✔ matchesSource: subclass selection is class-scoped (Censor Creation != Conduit Creation) (3.801809ms)
✔ matchesSource: class OR subclass picks union (single OR-group) (0.161176ms)
✔ matchesSource + buildSourceModel handle array-valued subclass (0.199406ms)
ℹ tests 86
ℹ suites 0
ℹ pass 86
ℹ fail 0
ℹ cancelled 0
ℹ skipped 0
ℹ todo 0
ℹ duration_ms 190.234704
