Info: New devbox available: 0.17.5 -> v0.18.0. Please run `devbox version update`.
Info: Running script "bash" on /home/scott/code/steelCompendium/workspace

[notice] A new release of pip is available: 24.3.1 -> 26.2.1
[notice] To update, run: pip install --upgrade pip
✔ hasStatblockDiceRoll detects inline dice notation in titles (2.004015ms)
✔ isTierLine matches bare damage-led tier outcomes only (0.437945ms)
✔ tierKeyAt maps position to low/mid/high (0.263453ms)
✔ Compact Mode rules exist (so the guard is actually exercising something) (7.005769ms)
✔ every Compact Mode selector is scoped to page content (.md-content) (11.905433ms)
✔ shouldRemember is true on mobile when the drawer is open (1.885017ms)
✔ shouldRemember is false on mobile when the drawer is closed (0.398641ms)
✔ shouldRemember is false on desktop even when the drawer is open (0.219379ms)
✔ shouldRemember is false on desktop when the drawer is closed (0.232809ms)
✔ shouldRestore is true when flag is set and viewport is mobile (0.392449ms)
✔ shouldRestore is false when flag is set but viewport is desktop (0.341947ms)
✔ shouldRestore is false when flag is unset on mobile (5.398242ms)
✔ shouldRestore ignores junk flag values (0.616378ms)
✔ storageKey only for Read chapter pages (1.754574ms)
✔ shouldOffer requires meaningful depth (0.42444ms)
✔ clampY never exceeds scrollable range (0.29261ms)
✔ roll uses injected rng and yields 1..10 each (4.595535ms)
✔ parseModifier: numeric vs characteristic (0.878449ms)
✔ tierOf boundaries (0.419769ms)
✔ resolve: single edge is +2, double edge shifts tier (0.477211ms)
✔ resolve: banes mirror edges; edge+bane cancel (0.511461ms)
✔ resolve: natural 19-20 is a crit at tier 3 (overrides shifts) (0.384744ms)
✔ tier shift clamps to 1..3 (0.732178ms)
✔ parseEV handles plain, minion-group, and missing (4.984711ms)
✔ parseEV accepts the digit spelling of the minion group (0.747647ms)
✔ parseEV tolerates the head-chip 'EV ' prefix (0.499607ms)
✔ a bought group of four minions costs the statblock EV once (6.21853ms)
✔ eight level-1 minions equal one 1st-level hero slot (0.860786ms)
✔ encounter strength math matches the book table (0.511003ms)
✔ bands + classify follow Step 4 (0.61419ms)
✔ minions price by groups of four (0.660883ms)
✔ addPick starts minions at 4; setCount snaps and removes at 0 (0.697915ms)
✔ addPick increments existing picks (minions by 4, others by 1) (5.762445ms)
✔ levelWarn flags over-level and solo-over-level (0.838787ms)
✔ share codec round-trips and drops unknowns (1.572398ms)
✔ valuesOf normalizes scalars, arrays, and empties (3.99101ms)
✔ empty or missing selection matches everything, both modes (0.796305ms)
✔ any-mode ORs picks over array values (0.519684ms)
✔ any-mode works on single-valued (string) fields (0.33516ms)
✔ all-mode requires every picked value (0.327202ms)
✔ all-mode on a single-valued field: one pick can match, two never can (0.753632ms)
✔ empty value never matches a non-empty selection (0.603999ms)
✔ unknown mode falls back to any (0.331706ms)
✔ numeric levels match string picks (chips store strings) (0.532442ms)
✔ isMultiValued detects a >=2-value array on any item (1.390839ms)
✔ parse tolerates garbage (4.457803ms)
✔ toggle adds then removes by path (2.517102ms)
✔ remove deletes by path and never adds (0.729356ms)
✔ kindOf maps path families (1.177499ms)
✔ grouped orders kinds and newest-first inside (1.920006ms)
✔ serialize caps at 200 newest (6.115444ms)
✔ mods lookup (goblin warrior: horde harrier) (4.653269ms)
✔ book cross-checks at level 1 (formula reproduces the printed block) (0.444406ms)
✔ solo stamina uses ×5, ev ×6 (0.269873ms)
✔ damageDelta: tier mods, horde halving, strike char bump (0.581359ms)
✔ potencyDelta follows echelon; applyTierText rewrites (2.167617ms)
✔ applyPotencyText handles innerHTML's &lt; entity (the DOM path) (0.731581ms)
✔ applyTierText rewrites entity-encoded potencies too (0.908999ms)
✔ scaleChar shifts every characteristic, clamped to ±5 (0.584085ms)
✔ shiftBonus rewrites the power-roll chip (3.386739ms)
✔ charBonus caps at +5; leader/solo +1 (0.702941ms)
✔ unknown role yields null mods (0.871056ms)
✔ clampScale clamps to [0.6, 1.4] and snaps to 0.05 (2.354137ms)
✔ clampCardScale clamps to [0.8, 1.2] and snaps to 0.05 (0.772722ms)
✔ normalizeWidth handles units, keywords, bare numbers (1.051829ms)
✔ clampEm clamps to [44, 300] and snaps to step (0.912379ms)
✔ widthToControls maps stored width to slider state (4.023207ms)
✔ controlsToWidth serializes slider state (0.906437ms)
✔ width round-trips through controls (0.578911ms)
✔ loadPrefs tolerates bad JSON and missing key (0.584802ms)
✔ subKey joins class and subclass with SUB_SEP (2.666087ms)
✔ buildSourceModel groups classes-with-subclasses, sorted, subs sorted (27.551053ms)
✔ buildSourceModel puts subclass-less classes + ancestry/kit/other in plain, rank-ordered (0.857688ms)
✔ matchesSource: empty selection matches everything (0.766866ms)
✔ matchesSource: class selection matches that class (incl. subclass-less rows) (0.569817ms)
✔ matchesSource: subclass selection is class-scoped (Censor Creation != Conduit Creation) (4.271568ms)
✔ matchesSource: class OR subclass picks union (single OR-group) (0.734319ms)
✔ matchesSource + buildSourceModel handle array-valued subclass (1.003912ms)
ℹ tests 78
ℹ suites 0
ℹ pass 78
ℹ fail 0
ℹ cancelled 0
ℹ skipped 0
ℹ todo 0
ℹ duration_ms 295.124366
