Info: New devbox available: 0.17.5 -> v0.18.0. Please run `devbox version update`.
Info: Running script "node" on /home/scott/code/steelCompendium/workspace

[notice] A new release of pip is available: 24.3.1 -> 26.2.1
[notice] To update, run: pip install --upgrade pip
PASS statblock/dark panel mounted
PASS statblock/dark hidden at rest (opacity=0)
PASS statblock/dark right edge 10px inside card border-box right (got 10.00)
PASS statblock/dark bottom edge on the card's border-box top (delta 0.00)
PASS statblock/dark no bottom border (0px)
PASS statblock/dark plate contains exactly the expected controls (want ["sc-copylink","sc-enc-add","sc-export","sc-pin"], got ["sc-copylink","sc-enc-add","sc-export","sc-pin"])
INFO statblock/dark order=["3","1","4","2"] cardOverflow=visible
PASS statblock/dark revealed on card hover (opacity=1)
PASS statblock/dark hides again once the mouse leaves (opacity=0)
PASS statblock/dark revealed by :focus-within with the mouse away (opacity=1)
PASS statblock/dark no control left in the card head ({"headCopy":false,"headPin":false,"headEnc":false,"headExp":false,"pageact":false})
PASS statblock/dark absent in print (display=none); anchor margin-top=34px
PASS statblock/dark phone: always visible (opacity=1)
PASS statblock/dark phone: reserved top space (margin-top=47.5px)
PASS statblock/dark phone: panel clears the last rendered element above (gap=null, prev=null)
PASS statblock/dark phone: geometry holds (right 10.00, bottom 0.00)
PASS statblock/light panel mounted
PASS statblock/light hidden at rest (opacity=0)
PASS statblock/light right edge 10px inside card border-box right (got 10.00)
PASS statblock/light bottom edge on the card's border-box top (delta 0.00)
PASS statblock/light no bottom border (0px)
PASS statblock/light plate contains exactly the expected controls (want ["sc-copylink","sc-enc-add","sc-export","sc-pin"], got ["sc-copylink","sc-enc-add","sc-export","sc-pin"])
INFO statblock/light order=["3","1","4","2"] cardOverflow=visible
PASS statblock/light revealed on card hover (opacity=1)
PASS statblock/light hides again once the mouse leaves (opacity=0)
PASS statblock/light revealed by :focus-within with the mouse away (opacity=1)
PASS statblock/light no control left in the card head ({"headCopy":false,"headPin":false,"headEnc":false,"headExp":false,"pageact":false})
PASS statblock/light absent in print (display=none); anchor margin-top=34px
PASS statblock/light phone: always visible (opacity=1)
PASS statblock/light phone: reserved top space (margin-top=47.5px)
PASS statblock/light phone: panel clears the last rendered element above (gap=null, prev=null)
PASS statblock/light phone: geometry holds (right 10.00, bottom 0.00)
PASS ability/dark panel mounted
PASS ability/dark hidden at rest (opacity=0)
PASS ability/dark right edge 10px inside card border-box right (got 10.00)
PASS ability/dark bottom edge on the card's border-box top (delta 0.00)
PASS ability/dark no bottom border (0px)
PASS ability/dark plate contains exactly the expected controls (want ["sc-copylink","sc-export","sc-pin"], got ["sc-copylink","sc-export","sc-pin"])
INFO ability/dark order=["1","4","2"] cardOverflow=visible
PASS ability/dark revealed on card hover (opacity=1)
PASS ability/dark hides again once the mouse leaves (opacity=0)
PASS ability/dark revealed by :focus-within with the mouse away (opacity=1)
PASS ability/dark no control left in the card head ({"headCopy":false,"headPin":false,"headEnc":false,"headExp":false,"pageact":false})
PASS ability/dark absent in print (display=none); anchor margin-top=24px
PASS ability/dark phone: always visible (opacity=1)
PASS ability/dark phone: reserved top space (margin-top=47.5px)
PASS ability/dark phone: panel clears the last rendered element above (gap=null, prev=null)
PASS ability/dark phone: geometry holds (right 10.00, bottom 0.00)
PASS ability/light panel mounted
PASS ability/light hidden at rest (opacity=0)
PASS ability/light right edge 10px inside card border-box right (got 10.00)
PASS ability/light bottom edge on the card's border-box top (delta 0.00)
PASS ability/light no bottom border (0px)
PASS ability/light plate contains exactly the expected controls (want ["sc-copylink","sc-export","sc-pin"], got ["sc-copylink","sc-export","sc-pin"])
INFO ability/light order=["1","4","2"] cardOverflow=visible
PASS ability/light revealed on card hover (opacity=1)
PASS ability/light hides again once the mouse leaves (opacity=0)
PASS ability/light revealed by :focus-within with the mouse away (opacity=1)
PASS ability/light no control left in the card head ({"headCopy":false,"headPin":false,"headEnc":false,"headExp":false,"pageact":false})
PASS ability/light absent in print (display=none); anchor margin-top=24px
PASS ability/light phone: always visible (opacity=1)
PASS ability/light phone: reserved top space (margin-top=47.5px)
PASS ability/light phone: panel clears the last rendered element above (gap=null, prev=null)
PASS ability/light phone: geometry holds (right 10.00, bottom 0.00)
PASS featureblock/dark panel mounted
PASS featureblock/dark hidden at rest (opacity=0)
PASS featureblock/dark right edge 10px inside card border-box right (got 10.00)
PASS featureblock/dark bottom edge on the card's border-box top (delta 0.00)
PASS featureblock/dark no bottom border (0px)
PASS featureblock/dark plate contains exactly the expected controls (want ["sc-copylink","sc-export","sc-pin"], got ["sc-copylink","sc-export","sc-pin"])
INFO featureblock/dark order=["1","4","2"] cardOverflow=visible
PASS featureblock/dark revealed on card hover (opacity=1)
PASS featureblock/dark hides again once the mouse leaves (opacity=0)
PASS featureblock/dark revealed by :focus-within with the mouse away (opacity=1)
PASS featureblock/dark no control left in the card head ({"headCopy":false,"headPin":false,"headEnc":false,"headExp":false,"pageact":false})
PASS featureblock/dark absent in print (display=none); anchor margin-top=34px
PASS featureblock/dark phone: always visible (opacity=1)
PASS featureblock/dark phone: reserved top space (margin-top=47.5px)
PASS featureblock/dark phone: panel clears the last rendered element above (gap=null, prev=null)
PASS featureblock/dark phone: geometry holds (right 10.00, bottom 0.00)
PASS featureblock/light panel mounted
PASS featureblock/light hidden at rest (opacity=0)
PASS featureblock/light right edge 10px inside card border-box right (got 10.00)
PASS featureblock/light bottom edge on the card's border-box top (delta 0.00)
PASS featureblock/light no bottom border (0px)
PASS featureblock/light plate contains exactly the expected controls (want ["sc-copylink","sc-export","sc-pin"], got ["sc-copylink","sc-export","sc-pin"])
INFO featureblock/light order=["1","4","2"] cardOverflow=visible
PASS featureblock/light revealed on card hover (opacity=1)
PASS featureblock/light hides again once the mouse leaves (opacity=0)
PASS featureblock/light revealed by :focus-within with the mouse away (opacity=1)
PASS featureblock/light no control left in the card head ({"headCopy":false,"headPin":false,"headEnc":false,"headExp":false,"pageact":false})
PASS featureblock/light absent in print (display=none); anchor margin-top=34px
PASS featureblock/light phone: always visible (opacity=1)
PASS featureblock/light phone: reserved top space (margin-top=47.5px)
PASS featureblock/light phone: panel clears the last rendered element above (gap=null, prev=null)
PASS featureblock/light phone: geometry holds (right 10.00, bottom 0.00)
PASS trait/dark panel mounted
PASS trait/dark hidden at rest (opacity=0)
PASS trait/dark right edge 10px inside card border-box right (got 10.00)
PASS trait/dark bottom edge on the card's border-box top (delta 0.00)
PASS trait/dark no bottom border (0px)
PASS trait/dark plate contains exactly the expected controls (want ["sc-copylink","sc-export","sc-pin"], got ["sc-copylink","sc-export","sc-pin"])
INFO trait/dark order=["1","4","2"] cardOverflow=visible
PASS trait/dark revealed on card hover (opacity=1)
PASS trait/dark hides again once the mouse leaves (opacity=0)
PASS trait/dark revealed by :focus-within with the mouse away (opacity=1)
PASS trait/dark no control left in the card head ({"headCopy":false,"headPin":false,"headEnc":false,"headExp":false,"pageact":false})
PASS trait/dark absent in print (display=none); anchor margin-top=38px
PASS trait/dark phone: always visible (opacity=1)
PASS trait/dark phone: reserved top space (margin-top=47.5px)
PASS trait/dark phone: panel clears the last rendered element above (gap=null, prev=null)
PASS trait/dark phone: geometry holds (right 10.00, bottom 0.00)
PASS trait/light panel mounted
PASS trait/light hidden at rest (opacity=0)
PASS trait/light right edge 10px inside card border-box right (got 10.00)
PASS trait/light bottom edge on the card's border-box top (delta 0.00)
PASS trait/light no bottom border (0px)
PASS trait/light plate contains exactly the expected controls (want ["sc-copylink","sc-export","sc-pin"], got ["sc-copylink","sc-export","sc-pin"])
INFO trait/light order=["1","4","2"] cardOverflow=visible
PASS trait/light revealed on card hover (opacity=1)
PASS trait/light hides again once the mouse leaves (opacity=0)
PASS trait/light revealed by :focus-within with the mouse away (opacity=1)
PASS trait/light no control left in the card head ({"headCopy":false,"headPin":false,"headEnc":false,"headExp":false,"pageact":false})
PASS trait/light absent in print (display=none); anchor margin-top=38px
PASS trait/light phone: always visible (opacity=1)
PASS trait/light phone: reserved top space (margin-top=47.5px)
PASS trait/light phone: panel clears the last rendered element above (gap=null, prev=null)
PASS trait/light phone: geometry holds (right 10.00, bottom 0.00)
PASS kit/dark panel mounted
PASS kit/dark hidden at rest (opacity=0)
PASS kit/dark right edge 10px inside card border-box right (got 10.00)
PASS kit/dark bottom edge on the card's border-box top (delta 0.00)
PASS kit/dark no bottom border (0px)
FAIL kit/dark plate contains exactly the expected controls (want ["sc-copylink","sc-pin"], got ["sc-pin"])
INFO kit/dark order=["2"] cardOverflow=visible
PASS kit/dark revealed on card hover (opacity=1)
PASS kit/dark hides again once the mouse leaves (opacity=0)
PASS kit/dark revealed by :focus-within with the mouse away (opacity=1)
PASS kit/dark no control left in the card head ({"headCopy":false,"headPin":false,"headEnc":false,"headExp":false,"pageact":false})
PASS kit/dark absent in print (display=none); anchor margin-top=34px
PASS kit/dark phone: always visible (opacity=1)
PASS kit/dark phone: reserved top space (margin-top=47.5px)
PASS kit/dark phone: panel clears the last rendered element above (gap=null, prev=null)
PASS kit/dark phone: geometry holds (right 10.00, bottom 0.00)
PASS kit/light panel mounted
PASS kit/light hidden at rest (opacity=0)
PASS kit/light right edge 10px inside card border-box right (got 10.00)
PASS kit/light bottom edge on the card's border-box top (delta 0.00)
PASS kit/light no bottom border (0px)
FAIL kit/light plate contains exactly the expected controls (want ["sc-copylink","sc-pin"], got ["sc-pin"])
INFO kit/light order=["2"] cardOverflow=visible
PASS kit/light revealed on card hover (opacity=1)
PASS kit/light hides again once the mouse leaves (opacity=0)
PASS kit/light revealed by :focus-within with the mouse away (opacity=1)
PASS kit/light no control left in the card head ({"headCopy":false,"headPin":false,"headEnc":false,"headExp":false,"pageact":false})
PASS kit/light absent in print (display=none); anchor margin-top=34px
PASS kit/light phone: always visible (opacity=1)
PASS kit/light phone: reserved top space (margin-top=47.5px)
PASS kit/light phone: panel clears the last rendered element above (gap=null, prev=null)
PASS kit/light phone: geometry holds (right 10.00, bottom 0.00)
PASS minion-razor/dark panel mounted
PASS minion-razor/dark hidden at rest (opacity=0)
PASS minion-razor/dark right edge 10px inside card border-box right (got 10.00)
PASS minion-razor/dark bottom edge on the card's border-box top (delta 0.00)
PASS minion-razor/dark no bottom border (0px)
PASS minion-razor/dark plate contains exactly the expected controls (want ["sc-copylink","sc-export","sc-pin"], got ["sc-copylink","sc-export","sc-pin"])
INFO minion-razor/dark order=["1","4","2"] cardOverflow=visible
PASS minion-razor/dark revealed on card hover (opacity=1)
PASS minion-razor/dark hides again once the mouse leaves (opacity=0)
PASS minion-razor/dark revealed by :focus-within with the mouse away (opacity=1)
PASS minion-razor/dark no control left in the card head ({"headCopy":false,"headPin":false,"headEnc":false,"headExp":false,"pageact":false})
PASS minion-razor/dark absent in print (display=none); anchor margin-top=34px
PASS minion-razor/dark phone: always visible (opacity=1)
PASS minion-razor/dark phone: reserved top space (margin-top=47.5px)
PASS minion-razor/dark phone: panel clears the last rendered element above (gap=3.5, prev=P.sb-backlink)
PASS minion-razor/dark phone: geometry holds (right 10.00, bottom 0.00)
PASS minion-razor/light panel mounted
PASS minion-razor/light hidden at rest (opacity=0)
PASS minion-razor/light right edge 10px inside card border-box right (got 10.00)
PASS minion-razor/light bottom edge on the card's border-box top (delta 0.00)
PASS minion-razor/light no bottom border (0px)
PASS minion-razor/light plate contains exactly the expected controls (want ["sc-copylink","sc-export","sc-pin"], got ["sc-copylink","sc-export","sc-pin"])
INFO minion-razor/light order=["1","4","2"] cardOverflow=visible
PASS minion-razor/light revealed on card hover (opacity=1)
PASS minion-razor/light hides again once the mouse leaves (opacity=0)
PASS minion-razor/light revealed by :focus-within with the mouse away (opacity=1)
PASS minion-razor/light no control left in the card head ({"headCopy":false,"headPin":false,"headEnc":false,"headExp":false,"pageact":false})
PASS minion-razor/light absent in print (display=none); anchor margin-top=34px
PASS minion-razor/light phone: always visible (opacity=1)
PASS minion-razor/light phone: reserved top space (margin-top=47.5px)
PASS minion-razor/light phone: panel clears the last rendered element above (gap=3.5, prev=P.sb-backlink)
PASS minion-razor/light phone: geometry holds (right 10.00, bottom 0.00)
PASS minion-gorrre/dark panel mounted
PASS minion-gorrre/dark hidden at rest (opacity=0)
PASS minion-gorrre/dark right edge 10px inside card border-box right (got 10.00)
PASS minion-gorrre/dark bottom edge on the card's border-box top (delta 0.00)
PASS minion-gorrre/dark no bottom border (0px)
PASS minion-gorrre/dark plate contains exactly the expected controls (want ["sc-copylink","sc-export","sc-pin"], got ["sc-copylink","sc-export","sc-pin"])
INFO minion-gorrre/dark order=["1","4","2"] cardOverflow=visible
PASS minion-gorrre/dark revealed on card hover (opacity=1)
PASS minion-gorrre/dark hides again once the mouse leaves (opacity=0)
PASS minion-gorrre/dark revealed by :focus-within with the mouse away (opacity=1)
PASS minion-gorrre/dark no control left in the card head ({"headCopy":false,"headPin":false,"headEnc":false,"headExp":false,"pageact":false})
PASS minion-gorrre/dark absent in print (display=none); anchor margin-top=34px
PASS minion-gorrre/dark phone: always visible (opacity=1)
PASS minion-gorrre/dark phone: reserved top space (margin-top=47.5px)
PASS minion-gorrre/dark phone: panel clears the last rendered element above (gap=3.5, prev=P.sb-backlink)
PASS minion-gorrre/dark phone: geometry holds (right 10.00, bottom 0.00)
PASS minion-gorrre/light panel mounted
PASS minion-gorrre/light hidden at rest (opacity=0)
PASS minion-gorrre/light right edge 10px inside card border-box right (got 10.00)
PASS minion-gorrre/light bottom edge on the card's border-box top (delta 0.00)
PASS minion-gorrre/light no bottom border (0px)
PASS minion-gorrre/light plate contains exactly the expected controls (want ["sc-copylink","sc-export","sc-pin"], got ["sc-copylink","sc-export","sc-pin"])
INFO minion-gorrre/light order=["1","4","2"] cardOverflow=visible
PASS minion-gorrre/light revealed on card hover (opacity=1)
PASS minion-gorrre/light hides again once the mouse leaves (opacity=0)
PASS minion-gorrre/light revealed by :focus-within with the mouse away (opacity=1)
PASS minion-gorrre/light no control left in the card head ({"headCopy":false,"headPin":false,"headEnc":false,"headExp":false,"pageact":false})
PASS minion-gorrre/light absent in print (display=none); anchor margin-top=34px
PASS minion-gorrre/light phone: always visible (opacity=1)
PASS minion-gorrre/light phone: reserved top space (margin-top=47.5px)
PASS minion-gorrre/light phone: panel clears the last rendered element above (gap=3.5, prev=P.sb-backlink)
PASS minion-gorrre/light phone: geometry holds (right 10.00, bottom 0.00)
PASS minion-violent/dark panel mounted
PASS minion-violent/dark hidden at rest (opacity=0)
PASS minion-violent/dark right edge 10px inside card border-box right (got 10.00)
PASS minion-violent/dark bottom edge on the card's border-box top (delta 0.00)
PASS minion-violent/dark no bottom border (0px)
PASS minion-violent/dark plate contains exactly the expected controls (want ["sc-copylink","sc-export","sc-pin"], got ["sc-copylink","sc-export","sc-pin"])
INFO minion-violent/dark order=["1","4","2"] cardOverflow=visible
PASS minion-violent/dark revealed on card hover (opacity=1)
PASS minion-violent/dark hides again once the mouse leaves (opacity=0)
PASS minion-violent/dark revealed by :focus-within with the mouse away (opacity=1)
PASS minion-violent/dark no control left in the card head ({"headCopy":false,"headPin":false,"headEnc":false,"headExp":false,"pageact":false})
PASS minion-violent/dark absent in print (display=none); anchor margin-top=34px
PASS minion-violent/dark phone: always visible (opacity=1)
PASS minion-violent/dark phone: reserved top space (margin-top=47.5px)
PASS minion-violent/dark phone: panel clears the last rendered element above (gap=3.5, prev=P.sb-backlink)
PASS minion-violent/dark phone: geometry holds (right 10.00, bottom 0.00)
PASS minion-violent/light panel mounted
PASS minion-violent/light hidden at rest (opacity=0)
PASS minion-violent/light right edge 10px inside card border-box right (got 10.00)
PASS minion-violent/light bottom edge on the card's border-box top (delta 0.00)
PASS minion-violent/light no bottom border (0px)
PASS minion-violent/light plate contains exactly the expected controls (want ["sc-copylink","sc-export","sc-pin"], got ["sc-copylink","sc-export","sc-pin"])
INFO minion-violent/light order=["1","4","2"] cardOverflow=visible
PASS minion-violent/light revealed on card hover (opacity=1)
PASS minion-violent/light hides again once the mouse leaves (opacity=0)
PASS minion-violent/light revealed by :focus-within with the mouse away (opacity=1)
PASS minion-violent/light no control left in the card head ({"headCopy":false,"headPin":false,"headEnc":false,"headExp":false,"pageact":false})
PASS minion-violent/light absent in print (display=none); anchor margin-top=34px
PASS minion-violent/light phone: always visible (opacity=1)
PASS minion-violent/light phone: reserved top space (margin-top=47.5px)
PASS minion-violent/light phone: panel clears the last rendered element above (gap=3.5, prev=P.sb-backlink)
PASS minion-violent/light phone: geometry holds (right 10.00, bottom 0.00)
PASS read-chapter embeds multiple statblocks (found 21)
PASS read-chapter no chrome plate on any embedded card (found 0)
PASS read-chapter D1: no encounter-add chip on any embedded statblock (found 0)
PASS read-chapter D2: no copy-link on any embedded card (found 0)
PASS read-chapter keeps its own page-tier action strip (.sc-pageact present=true)
FAILURES 2
Error: error running script "node" in Devbox: exit status 1

