Info: New devbox available: 0.17.5 -> v0.18.0. Please run `devbox version update`.
Info: Running script "bash" on /home/scott/code/steelCompendium/workspace

[notice] A new release of pip is available: 24.3.1 -> 26.2.1
[notice] To update, run: pip install --upgrade pip
✔ hasStatblockDiceRoll detects inline dice notation in titles (1.88313ms)
✔ isTierLine matches bare damage-led tier outcomes only (0.751049ms)
✔ tierKeyAt maps position to low/mid/high (0.388146ms)
✔ Compact Mode rules exist (so the guard is actually exercising something) (2.117714ms)
✔ every Compact Mode selector is scoped to page content (.md-content) (1.815294ms)
✔ shouldRemember is true on mobile when the drawer is open (1.774273ms)
✔ shouldRemember is false on mobile when the drawer is closed (0.349041ms)
✔ shouldRemember is false on desktop even when the drawer is open (0.228108ms)
✔ shouldRemember is false on desktop when the drawer is closed (0.233288ms)
✔ shouldRestore is true when flag is set and viewport is mobile (0.274037ms)
✔ shouldRestore is false when flag is set but viewport is desktop (0.21474ms)
✔ shouldRestore is false when flag is unset on mobile (1.480339ms)
✔ shouldRestore ignores junk flag values (0.224903ms)
✔ storageKey only for Read chapter pages (1.631011ms)
✔ shouldOffer requires meaningful depth (0.587425ms)
✔ clampY never exceeds scrollable range (0.294415ms)
✔ roll uses injected rng and yields 1..10 each (1.992745ms)
✔ parseModifier: numeric vs characteristic (0.451629ms)
✔ tierOf boundaries (0.30908ms)
✔ resolve: single edge is +2, double edge shifts tier (0.397899ms)
✔ resolve: banes mirror edges; edge+bane cancel (0.446186ms)
✔ resolve: natural 19-20 is a crit at tier 3 (overrides shifts) (0.326023ms)
✔ tier shift clamps to 1..3 (0.232319ms)
✔ parseEV handles plain, minion-group, and missing (3.806239ms)
✔ parseEV accepts the digit spelling of the minion group (0.544822ms)
✔ parseEV tolerates the head-chip 'EV ' prefix (0.28825ms)
✔ a bought group of four minions costs the statblock EV once (2.364839ms)
✔ eight level-1 minions equal one 1st-level hero slot (0.455391ms)
✔ encounter strength math matches the book table (0.319984ms)
✔ bands + classify follow Step 4 (0.354344ms)
✔ minions price by groups of four (0.280794ms)
✔ addPick starts minions at 4; setCount snaps and removes at 0 (0.355625ms)
✔ addPick increments existing picks (minions by 4, others by 1) (0.801594ms)
✔ levelWarn flags over-level and solo-over-level (0.476529ms)
✔ share codec round-trips and drops unknowns (0.586748ms)
✔ valuesOf normalizes scalars, arrays, and empties (2.927832ms)
✔ empty or missing selection matches everything, both modes (0.366735ms)
✔ any-mode ORs picks over array values (0.245063ms)
✔ any-mode works on single-valued (string) fields (0.230045ms)
✔ all-mode requires every picked value (0.275443ms)
✔ all-mode on a single-valued field: one pick can match, two never can (0.301151ms)
✔ empty value never matches a non-empty selection (0.932353ms)
✔ unknown mode falls back to any (0.616369ms)
✔ numeric levels match string picks (chips store strings) (0.895566ms)
✔ isMultiValued detects a >=2-value array on any item (0.835606ms)
✔ parse tolerates garbage (4.761331ms)
✔ toggle adds then removes by path (0.669861ms)
✔ remove deletes by path and never adds (0.284611ms)
✔ kindOf maps path families (0.306431ms)
✔ grouped orders kinds and newest-first inside (1.738902ms)
✔ serialize caps at 200 newest (2.864637ms)
✔ custom links preserve anchors, normalize local URLs, and survive storage (0.797382ms)
✔ adding an existing link renames it without toggling it away (0.368163ms)
✔ rejects blank names and unsafe or ambiguous links, including from storage (0.6798ms)
✔ custom additions at capacity do not silently evict existing pins (0.691967ms)
✔ mods lookup (goblin warrior: horde harrier) (2.390171ms)
✔ book cross-checks at level 1 (formula reproduces the printed block) (0.373607ms)
✔ solo stamina uses ×5, ev ×6 (0.273502ms)
✔ damageDelta: tier mods, horde halving, strike char bump (0.441698ms)
✔ potencyDelta follows echelon; applyTierText rewrites (2.402484ms)
✔ applyPotencyText handles innerHTML's &lt; entity (the DOM path) (0.268811ms)
✔ applyTierText rewrites entity-encoded potencies too (0.24001ms)
✔ scaleChar shifts every characteristic, clamped to ±5 (0.239665ms)
✔ shiftBonus rewrites the power-roll chip (0.686807ms)
✔ charBonus caps at +5; leader/solo +1 (0.406477ms)
✔ unknown role yields null mods (0.250942ms)
✔ cardKind maps every SC-297 chrome-panel family (1.619743ms)
✔ cardKind rejects embedded statblock/featureblock sub-features (0.236849ms)
✔ cardKind does whole-token matching, not substring (0.244469ms)
✔ cleanPermalink trims and treats null/empty as unusable (0.236972ms)
✔ clampScale clamps to [0.6, 1.4] and snaps to 0.05 (1.73169ms)
✔ clampCardScale clamps to [0.8, 1.2] and snaps to 0.05 (0.685586ms)
✔ normalizeWidth handles units, keywords, bare numbers (0.742202ms)
✔ clampEm clamps to [44, 300] and snaps to step (0.443381ms)
✔ widthToControls maps stored width to slider state (2.07709ms)
✔ controlsToWidth serializes slider state (0.336623ms)
✔ width round-trips through controls (0.3064ms)
✔ loadPrefs tolerates bad JSON and missing key (0.492218ms)
✔ subKey joins class and subclass with SUB_SEP (1.531545ms)
✔ buildSourceModel groups classes-with-subclasses, sorted, subs sorted (19.401043ms)
✔ buildSourceModel puts subclass-less classes + ancestry/kit/other in plain, rank-ordered (0.236662ms)
✔ matchesSource: empty selection matches everything (0.211881ms)
✔ matchesSource: class selection matches that class (incl. subclass-less rows) (0.159282ms)
✔ matchesSource: subclass selection is class-scoped (Censor Creation != Conduit Creation) (0.881219ms)
✔ matchesSource: class OR subclass picks union (single OR-group) (0.205722ms)
✔ matchesSource + buildSourceModel handle array-valued subclass (0.242687ms)
ℹ tests 86
ℹ suites 0
ℹ pass 86
ℹ fail 0
ℹ cancelled 0
ℹ skipped 0
ℹ todo 0
ℹ duration_ms 204.366065
