Info: New devbox available: 0.17.5 -> v0.18.0. Please run `devbox version update`.
Info: Running script "bash" on /home/scott/code/steelCompendium/workspace

[notice] A new release of pip is available: 24.3.1 -> 26.2.1
[notice] To update, run: pip install --upgrade pip
=== tests/e2e/cardhead-mobile.e2e.cjs ===
PASS goblin-warrior name renders in ~2.0 line boxes (want ≤ 2.4)
EXIT=0
=== tests/e2e/chrome-panel.e2e.cjs ===
PASS statblock/dark panel mounted
PASS statblock/dark hidden at rest (opacity=0)
PASS statblock/dark right edge 10px inside card border-box right (got 10.00)
PASS statblock/dark bottom edge on the card's border-box top (delta 0.00)
PASS statblock/dark no bottom border (0px)
INFO statblock/dark items=["sc-enc-add","sc-copylink","sc-export","sc-pin"] order=["3","1","4","2"] cardOverflow=visible
PASS statblock/dark revealed on card hover (opacity=1)
PASS statblock/dark revealed by :focus-within (opacity=1)
PASS statblock/dark no control left in the card head ({"headCopy":false,"headPin":false,"headEnc":false,"headExp":false,"pageact":false})
PASS statblock/dark absent in print (display=none); anchor margin-top=34px
PASS statblock/dark phone: always visible (opacity=1)
PASS statblock/dark phone: reserved top space (margin-top=39.9px)
PASS statblock/dark phone: panel clears the element above (gap=134.890625)
PASS statblock/dark phone: geometry holds (right 10.00, bottom 0.00)
PASS statblock/light panel mounted
PASS statblock/light hidden at rest (opacity=0)
PASS statblock/light right edge 10px inside card border-box right (got 10.00)
PASS statblock/light bottom edge on the card's border-box top (delta 0.00)
PASS statblock/light no bottom border (0px)
INFO statblock/light items=["sc-enc-add","sc-copylink","sc-export","sc-pin"] order=["3","1","4","2"] cardOverflow=visible
PASS statblock/light revealed on card hover (opacity=1)
PASS statblock/light revealed by :focus-within (opacity=1)
PASS statblock/light no control left in the card head ({"headCopy":false,"headPin":false,"headEnc":false,"headExp":false,"pageact":false})
PASS statblock/light absent in print (display=none); anchor margin-top=34px
PASS statblock/light phone: always visible (opacity=1)
PASS statblock/light phone: reserved top space (margin-top=39.9px)
PASS statblock/light phone: panel clears the element above (gap=134.890625)
PASS statblock/light phone: geometry holds (right 10.00, bottom 0.00)
PASS ability/dark panel mounted
PASS ability/dark hidden at rest (opacity=0)
PASS ability/dark right edge 10px inside card border-box right (got 10.00)
PASS ability/dark bottom edge on the card's border-box top (delta 0.00)
PASS ability/dark no bottom border (0px)
INFO ability/dark items=["sc-copylink","sc-export","sc-pin"] order=["1","4","2"] cardOverflow=visible
PASS ability/dark revealed on card hover (opacity=1)
PASS ability/dark revealed by :focus-within (opacity=1)
PASS ability/dark no control left in the card head ({"headCopy":false,"headPin":false,"headEnc":false,"headExp":false,"pageact":false})
PASS ability/dark absent in print (display=none); anchor margin-top=24px
PASS ability/dark phone: always visible (opacity=1)
PASS ability/dark phone: reserved top space (margin-top=39.9px)
PASS ability/dark phone: panel clears the element above (gap=134.890625)
PASS ability/dark phone: geometry holds (right 10.00, bottom 0.00)
PASS ability/light panel mounted
PASS ability/light hidden at rest (opacity=0)
PASS ability/light right edge 10px inside card border-box right (got 10.00)
PASS ability/light bottom edge on the card's border-box top (delta 0.00)
PASS ability/light no bottom border (0px)
INFO ability/light items=["sc-copylink","sc-export","sc-pin"] order=["1","4","2"] cardOverflow=visible
PASS ability/light revealed on card hover (opacity=1)
PASS ability/light revealed by :focus-within (opacity=1)
PASS ability/light no control left in the card head ({"headCopy":false,"headPin":false,"headEnc":false,"headExp":false,"pageact":false})
PASS ability/light absent in print (display=none); anchor margin-top=24px
PASS ability/light phone: always visible (opacity=1)
PASS ability/light phone: reserved top space (margin-top=39.9px)
PASS ability/light phone: panel clears the element above (gap=134.890625)
PASS ability/light phone: geometry holds (right 10.00, bottom 0.00)
PASS featureblock/dark panel mounted
PASS featureblock/dark hidden at rest (opacity=0)
PASS featureblock/dark right edge 10px inside card border-box right (got 10.00)
PASS featureblock/dark bottom edge on the card's border-box top (delta 0.00)
PASS featureblock/dark no bottom border (0px)
INFO featureblock/dark items=["sc-copylink","sc-export","sc-pin"] order=["1","4","2"] cardOverflow=visible
PASS featureblock/dark revealed on card hover (opacity=1)
PASS featureblock/dark revealed by :focus-within (opacity=1)
PASS featureblock/dark no control left in the card head ({"headCopy":false,"headPin":false,"headEnc":false,"headExp":false,"pageact":false})
PASS featureblock/dark absent in print (display=none); anchor margin-top=34px
PASS featureblock/dark phone: always visible (opacity=1)
PASS featureblock/dark phone: reserved top space (margin-top=39.9px)
PASS featureblock/dark phone: panel clears the element above (gap=134.890625)
PASS featureblock/dark phone: geometry holds (right 10.00, bottom 0.00)
PASS featureblock/light panel mounted
PASS featureblock/light hidden at rest (opacity=0)
PASS featureblock/light right edge 10px inside card border-box right (got 10.00)
PASS featureblock/light bottom edge on the card's border-box top (delta 0.00)
PASS featureblock/light no bottom border (0px)
INFO featureblock/light items=["sc-copylink","sc-export","sc-pin"] order=["1","4","2"] cardOverflow=visible
PASS featureblock/light revealed on card hover (opacity=1)
PASS featureblock/light revealed by :focus-within (opacity=1)
PASS featureblock/light no control left in the card head ({"headCopy":false,"headPin":false,"headEnc":false,"headExp":false,"pageact":false})
PASS featureblock/light absent in print (display=none); anchor margin-top=34px
PASS featureblock/light phone: always visible (opacity=1)
PASS featureblock/light phone: reserved top space (margin-top=39.9px)
PASS featureblock/light phone: panel clears the element above (gap=134.890625)
PASS featureblock/light phone: geometry holds (right 10.00, bottom 0.00)
PASS trait/dark panel mounted
PASS trait/dark hidden at rest (opacity=0)
PASS trait/dark right edge 10px inside card border-box right (got 10.00)
PASS trait/dark bottom edge on the card's border-box top (delta 0.00)
PASS trait/dark no bottom border (0px)
INFO trait/dark items=["sc-export","sc-pin"] order=["4","2"] cardOverflow=visible
PASS trait/dark revealed on card hover (opacity=1)
PASS trait/dark revealed by :focus-within (opacity=1)
PASS trait/dark no control left in the card head ({"headCopy":false,"headPin":false,"headEnc":false,"headExp":false,"pageact":false})
PASS trait/dark absent in print (display=none); anchor margin-top=38px
PASS trait/dark phone: always visible (opacity=1)
PASS trait/dark phone: reserved top space (margin-top=39.9px)
FAIL trait/dark phone: panel clears the element above (gap=-4.109375)
PASS trait/dark phone: geometry holds (right 10.00, bottom 0.00)
PASS trait/light panel mounted
PASS trait/light hidden at rest (opacity=0)
PASS trait/light right edge 10px inside card border-box right (got 10.00)
PASS trait/light bottom edge on the card's border-box top (delta 0.00)
PASS trait/light no bottom border (0px)
INFO trait/light items=["sc-export","sc-pin"] order=["4","2"] cardOverflow=visible
PASS trait/light revealed on card hover (opacity=1)
PASS trait/light revealed by :focus-within (opacity=1)
PASS trait/light no control left in the card head ({"headCopy":false,"headPin":false,"headEnc":false,"headExp":false,"pageact":false})
PASS trait/light absent in print (display=none); anchor margin-top=38px
PASS trait/light phone: always visible (opacity=1)
PASS trait/light phone: reserved top space (margin-top=39.9px)
FAIL trait/light phone: panel clears the element above (gap=-4.109375)
PASS trait/light phone: geometry holds (right 10.00, bottom 0.00)
PASS kit/dark panel mounted
PASS kit/dark hidden at rest (opacity=0)
PASS kit/dark right edge 10px inside card border-box right (got 10.00)
PASS kit/dark bottom edge on the card's border-box top (delta 0.00)
PASS kit/dark no bottom border (0px)
INFO kit/dark items=["sc-pin"] order=["2"] cardOverflow=visible
PASS kit/dark revealed on card hover (opacity=1)
PASS kit/dark revealed by :focus-within (opacity=1)
PASS kit/dark no control left in the card head ({"headCopy":false,"headPin":false,"headEnc":false,"headExp":false,"pageact":false})
PASS kit/dark absent in print (display=none); anchor margin-top=34px
PASS kit/dark phone: always visible (opacity=1)
PASS kit/dark phone: reserved top space (margin-top=39.9px)
PASS kit/dark phone: panel clears the element above (gap=134.890625)
PASS kit/dark phone: geometry holds (right 10.00, bottom 0.00)
PASS kit/light panel mounted
PASS kit/light hidden at rest (opacity=0)
PASS kit/light right edge 10px inside card border-box right (got 10.00)
PASS kit/light bottom edge on the card's border-box top (delta 0.00)
PASS kit/light no bottom border (0px)
INFO kit/light items=["sc-pin"] order=["2"] cardOverflow=visible
PASS kit/light revealed on card hover (opacity=1)
PASS kit/light revealed by :focus-within (opacity=1)
PASS kit/light no control left in the card head ({"headCopy":false,"headPin":false,"headEnc":false,"headExp":false,"pageact":false})
PASS kit/light absent in print (display=none); anchor margin-top=34px
PASS kit/light phone: always visible (opacity=1)
PASS kit/light phone: reserved top space (margin-top=39.9px)
PASS kit/light phone: panel clears the element above (gap=134.890625)
PASS kit/light phone: geometry holds (right 10.00, bottom 0.00)
PASS read-chapter embeds multiple statblocks (found 21)
PASS read-chapter no chrome plate on any embedded card (found 0)
PASS read-chapter D1: no encounter-add chip on any embedded statblock (found 0)
PASS read-chapter D2: no copy-link on any embedded card (found 0)
PASS read-chapter keeps its own page-tier action strip (.sc-pageact present=true)
FAILURES 2
EXIT=1
=== tests/e2e/featureblock.e2e.cjs ===
PASS - malice: data-role=malice
PASS - malice: card carries its own name (page H1 hidden)
PASS - malice: head band tints toward the role color
PASS - default: data-fb-featstyle=card
PASS - card: 3px solid action-colored left border  (3px solid)
PASS - card: tinted bg (dark rgba(0,0,0,.16))  (rgba(0, 0, 0, 0.16))
PASS - card: no separator/watermark pseudo  (none)
PASS - card/light: light tint (rgba(0,0,0,.022))  (rgba(0, 0, 0, 0.024))
PASS - card: no hover lift  (none / none)
PASS - flat: attribute flips
PASS - flat: stored in prefs.featureblock.featstyle
PASS - flat: separator pseudo visible (display/opacity/blend reclaimed)  (block/1/normal)
PASS - flat: card chrome gone (no left border, no bg)  (none 0px rgba(0, 0, 0, 0))
PASS - flat: FIRST feature shows no watermark (kill rule intact)  (none)
PASS - terrain: data-role is the combat role (not malice)
PASS - terrain: stats block present
PASS - stats default grid → display:grid  (grid)
PASS - stats ledger → display:flex (visible reflow)  (flex)

ALL CHECKS PASSED
EXIT=0
=== tests/e2e/featureblock-fixture.e2e.cjs ===
SCRIPT ERROR: page.waitForSelector: Timeout 30000ms exceeded.
Call log:
  [2m- waiting for locator('.fb-wrap') to be visible[22m

    at /home/scott/code/steelCompendium/worktrees/sc297-menu-panels-site/v2/tests/e2e/featureblock-fixture.e2e.cjs:59:14
EXIT=2
=== tests/e2e/nav-drawer-keep.e2e.cjs ===
PASS - mobile: drawer opens
PASS - mobile: found a section nav link to drill into  (/Browse/ancestry/)
PASS - mobile: navigated to the section  (/Browse/ancestry/)
PASS - mobile: drawer STAYS OPEN after drilling in  (drawer.checked=true)
PASS - desktop: keep-open flag NOT armed on nav click  (flag=null)

ALL CHECKS PASSED
EXIT=0
=== tests/e2e/page-titles.e2e.cjs ===
PASS Browse/class/fury/ h1 hidden (want hidden)
PASS Read/heroes/classes/ h1 visible (want visible)
PASS Browse/feature/ability/fury/level-1/brutal-slam/ h1 hidden (want hidden)
PASS Browse/monster/goblin/goblin-warrior/ h1 hidden (want hidden)
PASS Browse/kit/panther/ h1 hidden (want hidden)
PASS Browse/monster/goblin/goblin-malice/ h1 hidden (want hidden)
page-titles e2e: all pass
EXIT=0
=== tests/e2e/settings-panel.e2e.cjs ===
PASS - gear button injected
PASS - drawer opens on gear click
PASS - drawer slid on-screen
PASS - scale: css var = 1.3  (1.3)
PASS - scale: stored = 1.3  (1.3)
PASS - scale: label = 130%  (130%)
PASS - scale: body text grew  (16 -> 20.8)
PASS - scale: resets back to baseline  (16 vs 16)
PASS - width: css var = 60em  (60em)
PASS - width: .md-grid max-width applied  (600px)
PASS - width: stored = 60em  (60em)
PASS - width: slider max is 300em  (300)
PASS - width: 300em applies  (300em)
PASS - width: full toggle => max-width none (full)  (none)
PASS - width: full toggle removes stored width  (undefined)
PASS - Esc closes drawer
FAIL - card: css var = 0.7  (0.8)
FAIL - card: stored = 0.7  (0.8)
FAIL - card: label = 70%  (80%)
PASS - card: height shrank ~0.7x  (685px -> 528px)
PASS - card: inner text rendered smaller  (27px -> 21px (rendered))
PASS - card: top-level trait zooms (0.7)  (topZoom=0.7)
PASS - card: nested card does NOT compound (zoom 1)  (innerZoom=1)
PASS - scrim click closes drawer
PASS - persist: scale 1.2 re-applied after reload (no-flash early-apply)
PASS - redirect page has Open-settings button
PASS - redirect button opens drawer
PASS - mobile: drawer opened
PASS - mobile: drawer anchored to bottom  (top=152 h=692)
PASS - mobile: drawer slid on-screen  (top=152)
PASS - mobile: drawer full width

3 CHECK(S) FAILED
EXIT=1
=== tests/e2e/statblock-band.e2e.cjs ===
PASS - band border is not Material admonition blue (#448aff)  (rgba(95, 103, 108, 0.45))
PASS - band font-size matches the feature list (no .64rem admonition shrink)  (16 vs 16)
PASS - band head lays out as flex (crest · title · chevron rail)  (flex)
PASS - band head has no Material icon padding (2rem reserved for the pencil)  (16px)
PASS - no Material pencil ::before on the band head  (none)
PASS - no Material chevron ::after on the band head (ours is the ▾ span)  (none)
PASS - own chevron is pushed to the rail end (title flex:1 active)  (railGap=16.0 titleToChev=599.0)
PASS - band body keeps no admonition :last-child margin  (0px)
PASS - band collapses on summary click  ({"open":false,"bodyVisible":false,"chevTransform":"matrix(0, -1, 1, 0, 0, 0)"})
PASS - chevron rotates when closed  (matrix(0, -1, 1, 0, 0, 0))
PASS - found mixed-content chips to probe (Villain Action N / N Malice)  (["2 Malice","3 Malice","Villain Action 1","Villain Action 2","Villain Action 3","2-7+ Malice","5 Malice"])
PASS - chip renders a visible space between link and value: "2 Malice"  (4.86px)
PASS - chip renders a visible space between link and value: "3 Malice"  (4.86px)
PASS - chip renders a visible space between link and value: "Villain Action 1"  (4.86px)
PASS - chip renders a visible space between link and value: "Villain Action 2"  (4.86px)
PASS - chip renders a visible space between link and value: "Villain Action 3"  (4.86px)
PASS - chip renders a visible space between link and value: "2-7+ Malice"  (4.86px)
PASS - chip renders a visible space between link and value: "5 Malice"  (4.86px)
ALL PASS
EXIT=0
=== tests/e2e/statblock-featstyle.e2e.cjs ===
PASS - default: data-sb-featstyle stamped as card
PASS - card: 3px solid action-colored left border  (3px solid)
PASS - card: tinted container background (dark scheme rgba(0,0,0,.16))  (rgba(0, 0, 0, 0.16))
PASS - card: no separator/watermark pseudo  (none)
PASS - card/light: light tint applies (rgba(0,0,0,.022))  (rgba(0, 0, 0, 0.024))
PASS - card: no hover lift  (none / none)
PASS - flat: attribute flips
PASS - flat: stored in prefs.statblock.featstyle
PASS - flat: preset re-derives to Custom
PASS - flat: separator pseudo visible (display/opacity/blend reclaimed)  (block/1/normal)
PASS - flat: card chrome gone (no left border, no bg)  (none 0px rgba(0, 0, 0, 0))
PASS - flat: FIRST feature shows no watermark (kill rule intact)  (none)
PASS - flat: band has 2+ features and second shows separator  ({"n":7,"beforeDisplay":"block"})
PASS - preset: Sourcebook → flat
PASS - preset: Steel Card → card
PASS - migration: legacy non-crest prefs → flat
PASS - migration: legacy crest prefs → card

ALL CHECKS PASSED
EXIT=0
