Info: New devbox available: 0.17.5 -> v0.18.0. Please run `devbox version update`.
Info: Running script "bash" on /home/scott/code/steelCompendium/workspace

[notice] A new release of pip is available: 24.3.1 -> 26.2.1
[notice] To update, run: pip install --upgrade pip
✔ hasStatblockDiceRoll detects inline dice notation in titles (3.417184ms)
✔ isTierLine matches bare damage-led tier outcomes only (0.868102ms)
✔ tierKeyAt maps position to low/mid/high (0.622569ms)
✔ Compact Mode rules exist (so the guard is actually exercising something) (4.505544ms)
✔ every Compact Mode selector is scoped to page content (.md-content) (9.978629ms)
✔ shouldRemember is true on mobile when the drawer is open (2.701138ms)
✔ shouldRemember is false on mobile when the drawer is closed (0.598574ms)
✔ shouldRemember is false on desktop even when the drawer is open (0.297686ms)
✔ shouldRemember is false on desktop when the drawer is closed (0.317727ms)
✔ shouldRestore is true when flag is set and viewport is mobile (0.30925ms)
✔ shouldRestore is false when flag is set but viewport is desktop (0.288071ms)
✔ shouldRestore is false when flag is unset on mobile (4.374256ms)
✔ shouldRestore ignores junk flag values (0.360004ms)
✔ storageKey only for Read chapter pages (4.72998ms)
✔ shouldOffer requires meaningful depth (0.586923ms)
✔ clampY never exceeds scrollable range (0.456559ms)
✔ roll uses injected rng and yields 1..10 each (3.858781ms)
✔ parseModifier: numeric vs characteristic (1.19213ms)
✔ tierOf boundaries (0.524624ms)
✔ resolve: single edge is +2, double edge shifts tier (0.802187ms)
✔ resolve: banes mirror edges; edge+bane cancel (0.517163ms)
✔ resolve: natural 19-20 is a crit at tier 3 (overrides shifts) (0.614388ms)
✔ tier shift clamps to 1..3 (0.512111ms)
✔ parseEV handles plain, minion-group, and missing (7.686337ms)
✔ parseEV accepts the digit spelling of the minion group (0.483077ms)
✔ parseEV tolerates the head-chip 'EV ' prefix (0.675924ms)
✔ a bought group of four minions costs the statblock EV once (6.074332ms)
✔ eight level-1 minions equal one 1st-level hero slot (0.581469ms)
✔ encounter strength math matches the book table (0.45426ms)
✔ bands + classify follow Step 4 (0.812457ms)
✔ minions price by groups of four (0.476312ms)
✔ addPick starts minions at 4; setCount snaps and removes at 0 (2.535452ms)
✔ addPick increments existing picks (minions by 4, others by 1) (1.404494ms)
✔ levelWarn flags over-level and solo-over-level (1.300978ms)
✔ share codec round-trips and drops unknowns (1.009538ms)
✔ valuesOf normalizes scalars, arrays, and empties (2.897649ms)
✔ empty or missing selection matches everything, both modes (0.626023ms)
✔ any-mode ORs picks over array values (0.458409ms)
✔ any-mode works on single-valued (string) fields (1.575341ms)
✔ all-mode requires every picked value (0.485165ms)
✔ all-mode on a single-valued field: one pick can match, two never can (0.612034ms)
✔ empty value never matches a non-empty selection (0.866106ms)
✔ unknown mode falls back to any (0.454348ms)
✔ numeric levels match string picks (chips store strings) (0.890604ms)
✔ isMultiValued detects a >=2-value array on any item (0.721894ms)
✔ parse tolerates garbage (4.371099ms)
✔ toggle adds then removes by path (1.268496ms)
✔ remove deletes by path and never adds (0.492867ms)
✔ kindOf maps path families (0.342866ms)
✔ grouped orders kinds and newest-first inside (0.77109ms)
✔ serialize caps at 200 newest (4.204075ms)
✔ mods lookup (goblin warrior: horde harrier) (3.066256ms)
✔ book cross-checks at level 1 (formula reproduces the printed block) (1.256349ms)
✔ solo stamina uses ×5, ev ×6 (2.198474ms)
✔ damageDelta: tier mods, horde halving, strike char bump (1.091493ms)
✔ potencyDelta follows echelon; applyTierText rewrites (5.080845ms)
✔ applyPotencyText handles innerHTML's &lt; entity (the DOM path) (2.449445ms)
✔ applyTierText rewrites entity-encoded potencies too (0.370184ms)
✔ scaleChar shifts every characteristic, clamped to ±5 (0.632501ms)
✔ shiftBonus rewrites the power-roll chip (1.014021ms)
✔ charBonus caps at +5; leader/solo +1 (0.719102ms)
✔ unknown role yields null mods (1.53111ms)
✔ clampScale clamps to [0.6, 1.4] and snaps to 0.05 (3.34ms)
✔ clampCardScale clamps to [0.8, 1.2] and snaps to 0.05 (0.718017ms)
✔ normalizeWidth handles units, keywords, bare numbers (1.718508ms)
✔ clampEm clamps to [44, 300] and snaps to step (0.985575ms)
✔ widthToControls maps stored width to slider state (3.632397ms)
✔ controlsToWidth serializes slider state (0.729076ms)
✔ width round-trips through controls (0.733337ms)
✔ loadPrefs tolerates bad JSON and missing key (0.725481ms)
✔ subKey joins class and subclass with SUB_SEP (2.521ms)
✔ buildSourceModel groups classes-with-subclasses, sorted, subs sorted (22.311124ms)
✔ buildSourceModel puts subclass-less classes + ancestry/kit/other in plain, rank-ordered (0.510658ms)
✔ matchesSource: empty selection matches everything (0.432812ms)
✔ matchesSource: class selection matches that class (incl. subclass-less rows) (0.327004ms)
✔ matchesSource: subclass selection is class-scoped (Censor Creation != Conduit Creation) (1.595953ms)
✔ matchesSource: class OR subclass picks union (single OR-group) (0.810553ms)
✔ matchesSource + buildSourceModel handle array-valued subclass (0.399205ms)
ℹ tests 78
ℹ suites 0
ℹ pass 78
ℹ fail 0
ℹ cancelled 0
ℹ skipped 0
ℹ todo 0
ℹ duration_ms 305.954975
