Info: New devbox available: 0.17.5 -> v0.18.0. Please run `devbox version update`.
Info: Running script "node" on /home/scott/code/steelCompendium/workspace

[notice] A new release of pip is available: 24.3.1 -> 26.2.1
[notice] To update, run: pip install --upgrade pip
PASS statblock/dark panel mounted
PASS statblock/dark hidden at rest (opacity=0)
PASS statblock/dark right edge 10px inside card border-box right (got 10.00)
PASS statblock/dark bottom edge on the card's border-box top (delta 0.00)
PASS statblock/dark no bottom border (0px)
INFO statblock/dark items=["sc-enc-add","sc-copylink","sc-export","sc-pin"] order=["3","1","4","2"] cardOverflow=visible
PASS statblock/dark revealed on card hover (opacity=1)
PASS statblock/dark revealed by :focus-within (opacity=1)
PASS statblock/dark no control left in the card head ({"headCopy":false,"headPin":false,"headEnc":false,"headExp":false,"pageact":false})
PASS statblock/dark absent in print (display=none); anchor margin-top=34px
PASS statblock/dark phone: always visible (opacity=1)
PASS statblock/dark phone: reserved top space (margin-top=39.9px)
PASS statblock/dark phone: panel clears the element above (gap=134.890625)
PASS statblock/dark phone: geometry holds (right 10.00, bottom 0.00)
PASS statblock/light panel mounted
PASS statblock/light hidden at rest (opacity=0)
PASS statblock/light right edge 10px inside card border-box right (got 10.00)
PASS statblock/light bottom edge on the card's border-box top (delta 0.00)
PASS statblock/light no bottom border (0px)
INFO statblock/light items=["sc-enc-add","sc-copylink","sc-export","sc-pin"] order=["3","1","4","2"] cardOverflow=visible
PASS statblock/light revealed on card hover (opacity=1)
PASS statblock/light revealed by :focus-within (opacity=1)
PASS statblock/light no control left in the card head ({"headCopy":false,"headPin":false,"headEnc":false,"headExp":false,"pageact":false})
PASS statblock/light absent in print (display=none); anchor margin-top=34px
PASS statblock/light phone: always visible (opacity=1)
PASS statblock/light phone: reserved top space (margin-top=39.9px)
PASS statblock/light phone: panel clears the element above (gap=134.890625)
PASS statblock/light phone: geometry holds (right 10.00, bottom 0.00)
PASS ability/dark panel mounted
PASS ability/dark hidden at rest (opacity=0)
PASS ability/dark right edge 10px inside card border-box right (got 10.00)
PASS ability/dark bottom edge on the card's border-box top (delta 0.00)
PASS ability/dark no bottom border (0px)
INFO ability/dark items=["sc-copylink","sc-export","sc-pin"] order=["1","4","2"] cardOverflow=visible
PASS ability/dark revealed on card hover (opacity=1)
PASS ability/dark revealed by :focus-within (opacity=1)
PASS ability/dark no control left in the card head ({"headCopy":false,"headPin":false,"headEnc":false,"headExp":false,"pageact":false})
PASS ability/dark absent in print (display=none); anchor margin-top=24px
PASS ability/dark phone: always visible (opacity=1)
PASS ability/dark phone: reserved top space (margin-top=39.9px)
PASS ability/dark phone: panel clears the element above (gap=134.890625)
PASS ability/dark phone: geometry holds (right 10.00, bottom 0.00)
PASS ability/light panel mounted
PASS ability/light hidden at rest (opacity=0)
PASS ability/light right edge 10px inside card border-box right (got 10.00)
PASS ability/light bottom edge on the card's border-box top (delta 0.00)
PASS ability/light no bottom border (0px)
INFO ability/light items=["sc-copylink","sc-export","sc-pin"] order=["1","4","2"] cardOverflow=visible
PASS ability/light revealed on card hover (opacity=1)
PASS ability/light revealed by :focus-within (opacity=1)
PASS ability/light no control left in the card head ({"headCopy":false,"headPin":false,"headEnc":false,"headExp":false,"pageact":false})
PASS ability/light absent in print (display=none); anchor margin-top=24px
PASS ability/light phone: always visible (opacity=1)
PASS ability/light phone: reserved top space (margin-top=39.9px)
PASS ability/light phone: panel clears the element above (gap=134.890625)
PASS ability/light phone: geometry holds (right 10.00, bottom 0.00)
PASS featureblock/dark panel mounted
PASS featureblock/dark hidden at rest (opacity=0)
PASS featureblock/dark right edge 10px inside card border-box right (got 10.00)
PASS featureblock/dark bottom edge on the card's border-box top (delta 0.00)
PASS featureblock/dark no bottom border (0px)
INFO featureblock/dark items=["sc-copylink","sc-export","sc-pin"] order=["1","4","2"] cardOverflow=visible
PASS featureblock/dark revealed on card hover (opacity=1)
PASS featureblock/dark revealed by :focus-within (opacity=1)
PASS featureblock/dark no control left in the card head ({"headCopy":false,"headPin":false,"headEnc":false,"headExp":false,"pageact":false})
PASS featureblock/dark absent in print (display=none); anchor margin-top=34px
PASS featureblock/dark phone: always visible (opacity=1)
PASS featureblock/dark phone: reserved top space (margin-top=39.9px)
PASS featureblock/dark phone: panel clears the element above (gap=134.890625)
PASS featureblock/dark phone: geometry holds (right 10.00, bottom 0.00)
PASS featureblock/light panel mounted
PASS featureblock/light hidden at rest (opacity=0)
PASS featureblock/light right edge 10px inside card border-box right (got 10.00)
PASS featureblock/light bottom edge on the card's border-box top (delta 0.00)
PASS featureblock/light no bottom border (0px)
INFO featureblock/light items=["sc-copylink","sc-export","sc-pin"] order=["1","4","2"] cardOverflow=visible
PASS featureblock/light revealed on card hover (opacity=1)
PASS featureblock/light revealed by :focus-within (opacity=1)
PASS featureblock/light no control left in the card head ({"headCopy":false,"headPin":false,"headEnc":false,"headExp":false,"pageact":false})
PASS featureblock/light absent in print (display=none); anchor margin-top=34px
PASS featureblock/light phone: always visible (opacity=1)
PASS featureblock/light phone: reserved top space (margin-top=39.9px)
PASS featureblock/light phone: panel clears the element above (gap=134.890625)
PASS featureblock/light phone: geometry holds (right 10.00, bottom 0.00)
PASS trait/dark panel mounted
PASS trait/dark hidden at rest (opacity=0)
PASS trait/dark right edge 10px inside card border-box right (got 10.00)
PASS trait/dark bottom edge on the card's border-box top (delta 0.00)
PASS trait/dark no bottom border (0px)
INFO trait/dark items=["sc-export","sc-pin"] order=["4","2"] cardOverflow=visible
PASS trait/dark revealed on card hover (opacity=1)
PASS trait/dark revealed by :focus-within (opacity=1)
PASS trait/dark no control left in the card head ({"headCopy":false,"headPin":false,"headEnc":false,"headExp":false,"pageact":false})
PASS trait/dark absent in print (display=none); anchor margin-top=38px
PASS trait/dark phone: always visible (opacity=1)
PASS trait/dark phone: reserved top space (margin-top=39.9px)
PASS trait/dark phone: panel clears the element above (gap=134.890625)
PASS trait/dark phone: geometry holds (right 10.00, bottom 0.00)
PASS trait/light panel mounted
PASS trait/light hidden at rest (opacity=0)
PASS trait/light right edge 10px inside card border-box right (got 10.00)
PASS trait/light bottom edge on the card's border-box top (delta 0.00)
PASS trait/light no bottom border (0px)
INFO trait/light items=["sc-export","sc-pin"] order=["4","2"] cardOverflow=visible
PASS trait/light revealed on card hover (opacity=1)
PASS trait/light revealed by :focus-within (opacity=1)
PASS trait/light no control left in the card head ({"headCopy":false,"headPin":false,"headEnc":false,"headExp":false,"pageact":false})
PASS trait/light absent in print (display=none); anchor margin-top=38px
PASS trait/light phone: always visible (opacity=1)
PASS trait/light phone: reserved top space (margin-top=39.9px)
PASS trait/light phone: panel clears the element above (gap=134.890625)
PASS trait/light phone: geometry holds (right 10.00, bottom 0.00)
PASS kit/dark panel mounted
PASS kit/dark hidden at rest (opacity=0)
PASS kit/dark right edge 10px inside card border-box right (got 10.00)
PASS kit/dark bottom edge on the card's border-box top (delta 0.00)
PASS kit/dark no bottom border (0px)
INFO kit/dark items=["sc-pin"] order=["2"] cardOverflow=visible
PASS kit/dark revealed on card hover (opacity=1)
PASS kit/dark revealed by :focus-within (opacity=1)
PASS kit/dark no control left in the card head ({"headCopy":false,"headPin":false,"headEnc":false,"headExp":false,"pageact":false})
PASS kit/dark absent in print (display=none); anchor margin-top=34px
PASS kit/dark phone: always visible (opacity=1)
PASS kit/dark phone: reserved top space (margin-top=39.9px)
PASS kit/dark phone: panel clears the element above (gap=134.890625)
PASS kit/dark phone: geometry holds (right 10.00, bottom 0.00)
PASS kit/light panel mounted
PASS kit/light hidden at rest (opacity=0)
PASS kit/light right edge 10px inside card border-box right (got 10.00)
PASS kit/light bottom edge on the card's border-box top (delta 0.00)
PASS kit/light no bottom border (0px)
INFO kit/light items=["sc-pin"] order=["2"] cardOverflow=visible
PASS kit/light revealed on card hover (opacity=1)
PASS kit/light revealed by :focus-within (opacity=1)
PASS kit/light no control left in the card head ({"headCopy":false,"headPin":false,"headEnc":false,"headExp":false,"pageact":false})
PASS kit/light absent in print (display=none); anchor margin-top=34px
PASS kit/light phone: always visible (opacity=1)
PASS kit/light phone: reserved top space (margin-top=39.9px)
PASS kit/light phone: panel clears the element above (gap=134.890625)
PASS kit/light phone: geometry holds (right 10.00, bottom 0.00)
PASS read-chapter embeds multiple statblocks (found 21)
PASS read-chapter no chrome plate on any embedded card (found 0)
PASS read-chapter D1: no encounter-add chip on any embedded statblock (found 0)
PASS read-chapter D2: no copy-link on any embedded card (found 0)
PASS read-chapter keeps its own page-tier action strip (.sc-pageact present=true)
ALL PASS
